
/home/runner/work/exp-measurement-taper-using-sine-bar-iitkgp/exp-measurement-taper-using-sine-bar-iitkgp/experiment/simulation/js/sinebar.js
    8:1    warning  '$' is not defined                        no-undef
    9:3    warning  '$' is not defined                        no-undef
   10:5    warning  '$' is not defined                        no-undef
   13:1    warning  '$' is not defined                        no-undef
   14:3    warning  '$' is not defined                        no-undef
   17:5    warning  '$' is not defined                        no-undef
   26:10   warning  'changeImg1' is defined but never used    no-unused-vars
   36:10   warning  'changeImg2' is defined but never used    no-unused-vars
   49:10   warning  'MoveobjR' is defined but never used      no-unused-vars
   53:1    warning  Mixed spaces and tabs                     no-mixed-spaces-and-tabs
   54:1    warning  Mixed spaces and tabs                     no-mixed-spaces-and-tabs
   55:1    warning  Mixed spaces and tabs                     no-mixed-spaces-and-tabs
   56:2    warning  '$' is not defined                        no-undef
   71:1    warning  Mixed spaces and tabs                     no-mixed-spaces-and-tabs
   73:10   warning  'MoveobjL' is defined but never used      no-unused-vars
   78:1    warning  Mixed spaces and tabs                     no-mixed-spaces-and-tabs
   79:1    warning  Mixed spaces and tabs                     no-mixed-spaces-and-tabs
   80:1    warning  Mixed spaces and tabs                     no-mixed-spaces-and-tabs
   81:1    warning  Mixed spaces and tabs                     no-mixed-spaces-and-tabs
   81:3    warning  '$' is not defined                        no-undef
   82:1    warning  Mixed spaces and tabs                     no-mixed-spaces-and-tabs
   83:1    warning  Mixed spaces and tabs                     no-mixed-spaces-and-tabs
  100:10   warning  'calibrate' is defined but never used     no-unused-vars
  104:1    warning  Mixed spaces and tabs                     no-mixed-spaces-and-tabs
  105:1    warning  Mixed spaces and tabs                     no-mixed-spaces-and-tabs
  106:1    warning  Mixed spaces and tabs                     no-mixed-spaces-and-tabs
  107:1    warning  Mixed spaces and tabs                     no-mixed-spaces-and-tabs
  108:1    warning  Mixed spaces and tabs                     no-mixed-spaces-and-tabs
  110:1    warning  Mixed spaces and tabs                     no-mixed-spaces-and-tabs
  111:1    warning  Mixed spaces and tabs                     no-mixed-spaces-and-tabs
  112:1    warning  Mixed spaces and tabs                     no-mixed-spaces-and-tabs
  113:1    warning  Mixed spaces and tabs                     no-mixed-spaces-and-tabs
  114:1    warning  Mixed spaces and tabs                     no-mixed-spaces-and-tabs
  115:1    warning  Mixed spaces and tabs                     no-mixed-spaces-and-tabs
  116:1    warning  Mixed spaces and tabs                     no-mixed-spaces-and-tabs
  117:1    warning  Mixed spaces and tabs                     no-mixed-spaces-and-tabs
  118:1    warning  Mixed spaces and tabs                     no-mixed-spaces-and-tabs
  119:1    warning  Mixed spaces and tabs                     no-mixed-spaces-and-tabs
  120:1    warning  Mixed spaces and tabs                     no-mixed-spaces-and-tabs
  121:1    warning  Mixed spaces and tabs                     no-mixed-spaces-and-tabs
  123:1    warning  Mixed spaces and tabs                     no-mixed-spaces-and-tabs
  124:1    warning  Mixed spaces and tabs                     no-mixed-spaces-and-tabs
  125:1    warning  Mixed spaces and tabs                     no-mixed-spaces-and-tabs
  126:1    warning  Mixed spaces and tabs                     no-mixed-spaces-and-tabs
  127:1    warning  Mixed spaces and tabs                     no-mixed-spaces-and-tabs
  128:1    warning  Mixed spaces and tabs                     no-mixed-spaces-and-tabs
  130:58   warning  'Tsim' is defined but never used          no-unused-vars
  130:63   warning  'h1d' is assigned a value but never used  no-unused-vars
  130:69   warning  'h2d' is assigned a value but never used  no-unused-vars
  130:75   warning  'h3d' is assigned a value but never used  no-unused-vars
  130:81   warning  'h4d' is assigned a value but never used  no-unused-vars
  130:87   warning  'h5d' is assigned a value but never used  no-unused-vars
  130:93   warning  'h6d' is assigned a value but never used  no-unused-vars
  130:99   warning  'h7d' is assigned a value but never used  no-unused-vars
  130:105  warning  'h8d' is assigned a value but never used  no-unused-vars
  130:111  warning  'h9d' is assigned a value but never used  no-unused-vars
  131:5    warning  'c1' is assigned a value but never used   no-unused-vars
  131:10   warning  'c2' is assigned a value but never used   no-unused-vars
  131:15   warning  'c3' is assigned a value but never used   no-unused-vars
  131:20   warning  'c4' is assigned a value but never used   no-unused-vars
  131:25   warning  'c5' is assigned a value but never used   no-unused-vars
  131:30   warning  'c6' is assigned a value but never used   no-unused-vars
  131:35   warning  'c7' is assigned a value but never used   no-unused-vars
  131:40   warning  'c8' is assigned a value but never used   no-unused-vars
  131:45   warning  'c9' is assigned a value but never used   no-unused-vars
  133:10   warning  'ch1' is defined but never used           no-unused-vars
  134:1    warning  '$' is not defined                        no-undef
  139:10   warning  'ch2' is defined but never used           no-unused-vars
  140:1    warning  '$' is not defined                        no-undef
  146:10   warning  'ch3' is defined but never used           no-unused-vars
  147:1    warning  '$' is not defined                        no-undef
  153:10   warning  'ch4' is defined but never used           no-unused-vars
  154:1    warning  '$' is not defined                        no-undef
  160:10   warning  'ch5' is defined but never used           no-unused-vars
  161:1    warning  '$' is not defined                        no-undef
  167:10   warning  'ch6' is defined but never used           no-unused-vars
  168:1    warning  '$' is not defined                        no-undef
  174:10   warning  'ch7' is defined but never used           no-unused-vars
  175:1    warning  '$' is not defined                        no-undef
  181:10   warning  'ch8' is defined but never used           no-unused-vars
  182:1    warning  '$' is not defined                        no-undef
  187:10   warning  'ch9' is defined but never used           no-unused-vars
  188:1    warning  '$' is not defined                        no-undef
  194:10   warning  'Simulate' is defined but never used      no-unused-vars
  196:10   warning  '$' is not defined                        no-undef
  245:12   warning  'math' is not defined                     no-undef
  251:14   warning  'math' is not defined                     no-undef
  251:24   warning  'math' is not defined                     no-undef
  255:16   warning  'math' is not defined                     no-undef
  255:28   warning  'math' is not defined                     no-undef
  255:53   warning  'math' is not defined                     no-undef
  269:6    warning  'thetaAnim' is already defined            no-redeclare
  281:6    warning  'thetaAnim' is already defined            no-redeclare
  293:6    warning  'thetaAnim' is already defined            no-redeclare
  309:6    warning  'thetad' is already defined               no-redeclare
  309:15   warning  'math' is not defined                     no-undef
  309:27   warning  'math' is not defined                     no-undef
  309:52   warning  'math' is not defined                     no-undef
  312:6    warning  'thetaAnim' is already defined            no-redeclare
  318:6    warning  'thetaAnim' is already defined            no-redeclare
  324:6    warning  'thetaAnim' is already defined            no-redeclare
  330:6    warning  'thetaAnim' is already defined            no-redeclare
  338:1    warning  Mixed spaces and tabs                     no-mixed-spaces-and-tabs
  339:1    warning  Mixed spaces and tabs                     no-mixed-spaces-and-tabs
  339:15   warning  'math' is not defined                     no-undef
  340:1    warning  Mixed spaces and tabs                     no-mixed-spaces-and-tabs
  366:10   warning  'removeH' is defined but never used       no-unused-vars
  368:2    warning  '$' is not defined                        no-undef
  400:1    warning  Mixed spaces and tabs                     no-mixed-spaces-and-tabs
  400:3    warning  'nValue' is not defined                   no-undef
  401:2    warning  '$' is not defined                        no-undef
  416:10   warning  'CreateTable' is defined but never used   no-unused-vars
  420:14   warning  '$' is not defined                        no-undef
  449:10   warning  'Refresh' is defined but never used       no-unused-vars

✖ 114 problems (0 errors, 114 warnings)

